Archive member included to satisfy reference by file (symbol)

c:/st/stm32cubeide_1.12.0/stm32cubeide/plugins/com.st.stm32cube.ide.mcu.externaltools.gnu-tools-for-stm32.10.3-2021.10.win32_1.0.200.202301161003/tools/bin/../lib/gcc/arm-none-eabi/10.3.1/../../../../arm-none-eabi/lib/thumb/v6-m/nofp\libc_nano.a(lib_a-errno.o)
                              ./Core/Src/syscalls.o (__errno)
c:/st/stm32cubeide_1.12.0/stm32cubeide/plugins/com.st.stm32cube.ide.mcu.externaltools.gnu-tools-for-stm32.10.3-2021.10.win32_1.0.200.202301161003/tools/bin/../lib/gcc/arm-none-eabi/10.3.1/../../../../arm-none-eabi/lib/thumb/v6-m/nofp\libc_nano.a(lib_a-exit.o)
                              c:/st/stm32cubeide_1.12.0/stm32cubeide/plugins/com.st.stm32cube.ide.mcu.externaltools.gnu-tools-for-stm32.10.3-2021.10.win32_1.0.200.202301161003/tools/bin/../lib/gcc/arm-none-eabi/10.3.1/../../../../arm-none-eabi/lib/thumb/v6-m/nofp/crt0.o (exit)
c:/st/stm32cubeide_1.12.0/stm32cubeide/plugins/com.st.stm32cube.ide.mcu.externaltools.gnu-tools-for-stm32.10.3-2021.10.win32_1.0.200.202301161003/tools/bin/../lib/gcc/arm-none-eabi/10.3.1/../../../../arm-none-eabi/lib/thumb/v6-m/nofp\libc_nano.a(lib_a-impure.o)
                              c:/st/stm32cubeide_1.12.0/stm32cubeide/plugins/com.st.stm32cube.ide.mcu.externaltools.gnu-tools-for-stm32.10.3-2021.10.win32_1.0.200.202301161003/tools/bin/../lib/gcc/arm-none-eabi/10.3.1/../../../../arm-none-eabi/lib/thumb/v6-m/nofp\libc_nano.a(lib_a-exit.o) (_global_impure_ptr)
c:/st/stm32cubeide_1.12.0/stm32cubeide/plugins/com.st.stm32cube.ide.mcu.externaltools.gnu-tools-for-stm32.10.3-2021.10.win32_1.0.200.202301161003/tools/bin/../lib/gcc/arm-none-eabi/10.3.1/../../../../arm-none-eabi/lib/thumb/v6-m/nofp\libc_nano.a(lib_a-init.o)
                              c:/st/stm32cubeide_1.12.0/stm32cubeide/plugins/com.st.stm32cube.ide.mcu.externaltools.gnu-tools-for-stm32.10.3-2021.10.win32_1.0.200.202301161003/tools/bin/../lib/gcc/arm-none-eabi/10.3.1/../../../../arm-none-eabi/lib/thumb/v6-m/nofp/crt0.o (__libc_init_array)
c:/st/stm32cubeide_1.12.0/stm32cubeide/plugins/com.st.stm32cube.ide.mcu.externaltools.gnu-tools-for-stm32.10.3-2021.10.win32_1.0.200.202301161003/tools/bin/../lib/gcc/arm-none-eabi/10.3.1/../../../../arm-none-eabi/lib/thumb/v6-m/nofp\libc_nano.a(lib_a-memset.o)
                              c:/st/stm32cubeide_1.12.0/stm32cubeide/plugins/com.st.stm32cube.ide.mcu.externaltools.gnu-tools-for-stm32.10.3-2021.10.win32_1.0.200.202301161003/tools/bin/../lib/gcc/arm-none-eabi/10.3.1/../../../../arm-none-eabi/lib/thumb/v6-m/nofp/crt0.o (memset)
c:/st/stm32cubeide_1.12.0/stm32cubeide/plugins/com.st.stm32cube.ide.mcu.externaltools.gnu-tools-for-stm32.10.3-2021.10.win32_1.0.200.202301161003/tools/bin/../lib/gcc/arm-none-eabi/10.3.1/../../../../arm-none-eabi/lib/thumb/v6-m/nofp\libc_nano.a(lib_a-sprintf.o)
                              ./Core/Src/SD_Card.o (sprintf)
c:/st/stm32cubeide_1.12.0/stm32cubeide/plugins/com.st.stm32cube.ide.mcu.externaltools.gnu-tools-for-stm32.10.3-2021.10.win32_1.0.200.202301161003/tools/bin/../lib/gcc/arm-none-eabi/10.3.1/../../../../arm-none-eabi/lib/thumb/v6-m/nofp\libc_nano.a(lib_a-nano-svfprintf.o)
                              c:/st/stm32cubeide_1.12.0/stm32cubeide/plugins/com.st.stm32cube.ide.mcu.externaltools.gnu-tools-for-stm32.10.3-2021.10.win32_1.0.200.202301161003/tools/bin/../lib/gcc/arm-none-eabi/10.3.1/../../../../arm-none-eabi/lib/thumb/v6-m/nofp\libc_nano.a(lib_a-sprintf.o) (_svfprintf_r)
c:/st/stm32cubeide_1.12.0/stm32cubeide/plugins/com.st.stm32cube.ide.mcu.externaltools.gnu-tools-for-stm32.10.3-2021.10.win32_1.0.200.202301161003/tools/bin/../lib/gcc/arm-none-eabi/10.3.1/../../../../arm-none-eabi/lib/thumb/v6-m/nofp\libc_nano.a(lib_a-nano-vfprintf_i.o)
                              c:/st/stm32cubeide_1.12.0/stm32cubeide/plugins/com.st.stm32cube.ide.mcu.externaltools.gnu-tools-for-stm32.10.3-2021.10.win32_1.0.200.202301161003/tools/bin/../lib/gcc/arm-none-eabi/10.3.1/../../../../arm-none-eabi/lib/thumb/v6-m/nofp\libc_nano.a(lib_a-nano-svfprintf.o) (_printf_i)
c:/st/stm32cubeide_1.12.0/stm32cubeide/plugins/com.st.stm32cube.ide.mcu.externaltools.gnu-tools-for-stm32.10.3-2021.10.win32_1.0.200.202301161003/tools/bin/../lib/gcc/arm-none-eabi/10.3.1/../../../../arm-none-eabi/lib/thumb/v6-m/nofp\libc_nano.a(lib_a-memchr-stub.o)
                              c:/st/stm32cubeide_1.12.0/stm32cubeide/plugins/com.st.stm32cube.ide.mcu.externaltools.gnu-tools-for-stm32.10.3-2021.10.win32_1.0.200.202301161003/tools/bin/../lib/gcc/arm-none-eabi/10.3.1/../../../../arm-none-eabi/lib/thumb/v6-m/nofp\libc_nano.a(lib_a-nano-svfprintf.o) (memchr)
c:/st/stm32cubeide_1.12.0/stm32cubeide/plugins/com.st.stm32cube.ide.mcu.externaltools.gnu-tools-for-stm32.10.3-2021.10.win32_1.0.200.202301161003/tools/bin/../lib/gcc/arm-none-eabi/10.3.1/../../../../arm-none-eabi/lib/thumb/v6-m/nofp\libc_nano.a(lib_a-memcpy-stub.o)
[...]
Memory Configuration

Name             Origin             Length             Attributes
RAM              0x0000000020000000 0x0000000000001800 xrw
FLASH            0x0000000008000000 0x0000000000008000 xr
*default*        0x0000000000000000 0xffffffffffffffff

Linker script and memory map

LOAD c:/st/stm32cubeide_1.12.0/stm32cubeide/plugins/com.st.stm32cube.ide.mcu.externaltools.gnu-tools-for-stm32.10.3-2021.10.win32_1.0.200.202301161003/tools/bin/../lib/gcc/arm-none-eabi/10.3.1/thumb/v6-m/nofp/crti.o
LOAD c:/st/stm32cubeide_1.12.0/stm32cubeide/plugins/com.st.stm32cube.ide.mcu.externaltools.gnu-tools-for-stm32.10.3-2021.10.win32_1.0.200.202301161003/tools/bin/../lib/gcc/arm-none-eabi/10.3.1/thumb/v6-m/nofp/crtbegin.o
LOAD c:/st/stm32cubeide_1.12.0/stm32cubeide/plugins/com.st.stm32cube.ide.mcu.externaltools.gnu-tools-for-stm32.10.3-2021.10.win32_1.0.200.202301161003/tools/bin/../lib/gcc/arm-none-eabi/10.3.1/../../../../arm-none-eabi/lib/thumb/v6-m/nofp/crt0.o
LOAD ./Core/Src/SD_Card.o
LOAD ./Core/Src/gpio.o
LOAD ./Core/Src/main.o
LOAD ./Core/Src/nRF24L01.o
LOAD ./Core/Src/spi.o
LOAD ./Core/Src/stm32f0xx_hal_msp.o
LOAD ./Core/Src/stm32f0xx_it.o
LOAD ./Core/Src/syscalls.o
LOAD ./Core/Src/sysmem.o
LOAD ./Core/Src/system_stm32f0xx.o
LOAD ./Core/Src/usart.o
LOAD ./Core/Startup/startup_stm32f042c6tx.o
LOAD ./Drivers/STM32F0xx_HAL_Driver/Src/stm32f0xx_hal.o
LOAD ./Drivers/STM32F0xx_HAL_Driver/Src/stm32f0xx_hal_cortex.o
LOAD ./Drivers/STM32F0xx_HAL_Driver/Src/stm32f0xx_hal_dma.o
LOAD ./Drivers/STM32F0xx_HAL_Driver/Src/stm32f0xx_hal_exti.o
LOAD ./Drivers/STM32F0xx_HAL_Driver/Src/stm32f0xx_hal_flash.o
LOAD ./Drivers/STM32F0xx_HAL_Driver/Src/stm32f0xx_hal_flash_ex.o
LOAD ./Drivers/STM32F0xx_HAL_Driver/Src/stm32f0xx_hal_gpio.o
LOAD ./Drivers/STM32F0xx_HAL_Driver/Src/stm32f0xx_hal_i2c.o
LOAD ./Drivers/STM32F0xx_HAL_Driver/Src/stm32f0xx_hal_i2c_ex.o
LOAD ./Drivers/STM32F0xx_HAL_Driver/Src/stm32f0xx_hal_pwr.o
LOAD ./Drivers/STM32F0xx_HAL_Driver/Src/stm32f0xx_hal_pwr_ex.o
LOAD ./Drivers/STM32F0xx_HAL_Driver/Src/stm32f0xx_hal_rcc.o
LOAD ./Drivers/STM32F0xx_HAL_Driver/Src/stm32f0xx_hal_rcc_ex.o
LOAD ./Drivers/STM32F0xx_HAL_Driver/Src/stm32f0xx_hal_spi.o
LOAD ./Drivers/STM32F0xx_HAL_Driver/Src/stm32f0xx_hal_spi_ex.o
LOAD ./Drivers/STM32F0xx_HAL_Driver/Src/stm32f0xx_hal_tim.o
LOAD ./Drivers/STM32F0xx_HAL_Driver/Src/stm32f0xx_hal_tim_ex.o
LOAD ./Drivers/STM32F0xx_HAL_Driver/Src/stm32f0xx_hal_uart.o
LOAD ./Drivers/STM32F0xx_HAL_Driver/Src/stm32f0xx_hal_uart_ex.o
LOAD ./FATFS/App/fatfs.o
LOAD ./FATFS/Target/user_diskio.o
LOAD ./FATFS/Target/user_diskio_spi.o
LOAD ./Middlewares/Third_Party/FatFs/src/diskio.o
LOAD ./Middlewares/Third_Party/FatFs/src/ff.o
LOAD ./Middlewares/Third_Party/FatFs/src/ff_gen_drv.o
LOAD ./Middlewares/Third_Party/FatFs/src/option/syscall.o
START GROUP
LOAD c:/st/stm32cubeide_1.12.0/stm32cubeide/plugins/com.st.stm32cube.ide.mcu.externaltools.gnu-tools-for-stm32.10.3-2021.10.win32_1.0.200.202301161003/tools/bin/../lib/gcc/arm-none-eabi/10.3.1/../../../../arm-none-eabi/lib/thumb/v6-m/nofp\libc_nano.a
LOAD c:/st/stm32cubeide_1.12.0/stm32cubeide/plugins/com.st.stm32cube.ide.mcu.externaltools.gnu-tools-for-stm32.10.3-2021.10.win32_1.0.200.202301161003/tools/bin/../lib/gcc/arm-none-eabi/10.3.1/../../../../arm-none-eabi/lib/thumb/v6-m/nofp\libm.a
END GROUP
START GROUP
LOAD c:/st/stm32cubeide_1.12.0/stm32cubeide/plugins/com.st.stm32cube.ide.mcu.externaltools.gnu-tools-for-stm32.10.3-2021.10.win32_1.0.200.202301161003/tools/bin/../lib/gcc/arm-none-eabi/10.3.1/thumb/v6-m/nofp\libgcc.a
LOAD c:/st/stm32cubeide_1.12.0/stm32cubeide/plugins/com.st.stm32cube.ide.mcu.externaltools.gnu-tools-for-stm32.10.3-2021.10.win32_1.0.200.202301161003/tools/bin/../lib/gcc/arm-none-eabi/10.3.1/../../../../arm-none-eabi/lib/thumb/v6-m/nofp\libc_nano.a
END GROUP
START GROUP
LOAD c:/st/stm32cubeide_1.12.0/stm32cubeide/plugins/com.st.stm32cube.ide.mcu.externaltools.gnu-tools-for-stm32.10.3-2021.10.win32_1.0.200.202301161003/tools/bin/../lib/gcc/arm-none-eabi/10.3.1/thumb/v6-m/nofp\libgcc.a
LOAD c:/st/stm32cubeide_1.12.0/stm32cubeide/plugins/com.st.stm32cube.ide.mcu.externaltools.gnu-tools-for-stm32.10.3-2021.10.win32_1.0.200.202301161003/tools/bin/../lib/gcc/arm-none-eabi/10.3.1/../../../../arm-none-eabi/lib/thumb/v6-m/nofp\libc_nano.a
LOAD c:/st/stm32cubeide_1.12.0/stm32cubeide/plugins/com.st.stm32cube.ide.mcu.externaltools.gnu-tools-for-stm32.10.3-2021.10.win32_1.0.200.202301161003/tools/bin/../lib/gcc/arm-none-eabi/10.3.1/../../../../arm-none-eabi/lib/thumb/v6-m/nofp\libnosys.a
END GROUP
START GROUP
LOAD c:/st/stm32cubeide_1.12.0/stm32cubeide/plugins/com.st.stm32cube.ide.mcu.externaltools.gnu-tools-for-stm32.10.3-2021.10.win32_1.0.200.202301161003/tools/bin/../lib/gcc/arm-none-eabi/10.3.1/thumb/v6-m/nofp\libgcc.a
LOAD c:/st/stm32cubeide_1.12.0/stm32cubeide/plugins/com.st.stm32cube.ide.mcu.externaltools.gnu-tools-for-stm32.10.3-2021.10.win32_1.0.200.202301161003/tools/bin/../lib/gcc/arm-none-eabi/10.3.1/../../../../arm-none-eabi/lib/thumb/v6-m/nofp\libc_nano.a
LOAD c:/st/stm32cubeide_1.12.0/stm32cubeide/plugins/com.st.stm32cube.ide.mcu.externaltools.gnu-tools-for-stm32.10.3-2021.10.win32_1.0.200.202301161003/tools/bin/../lib/gcc/arm-none-eabi/10.3.1/../../../../arm-none-eabi/lib/thumb/v6-m/nofp\libnosys.a
END GROUP
LOAD c:/st/stm32cubeide_1.12.0/stm32cubeide/plugins/com.st.stm32cube.ide.mcu.externaltools.gnu-tools-for-stm32.10.3-2021.10.win32_1.0.200.202301161003/tools/bin/../lib/gcc/arm-none-eabi/10.3.1/thumb/v6-m/nofp/crtend.o
LOAD c:/st/stm32cubeide_1.12.0/stm32cubeide/plugins/com.st.stm32cube.ide.mcu.externaltools.gnu-tools-for-stm32.10.3-2021.10.win32_1.0.200.202301161003/tools/bin/../lib/gcc/arm-none-eabi/10.3.1/thumb/v6-m/nofp/crtn.o
                0x0000000020001800                _estack = (ORIGIN (RAM) + LENGTH (RAM))
                0x0000000000000200                _Min_Heap_Size = 0x200
                0x0000000000000400                _Min_Stack_Size = 0x400

.isr_vector     0x0000000008000000       0xc0
                0x0000000008000000                . = ALIGN (0x4)
 *(.isr_vector)
 .isr_vector    0x0000000008000000       0xc0 ./Core/Startup/startup_stm32f042c6tx.o
                0x0000000008000000                g_pfnVectors
                0x00000000080000c0                . = ALIGN (0x4)

.text           0x00000000080000c0     0x452c
                0x00000000080000c0                . = ALIGN (0x4)
 *(.text)
 .text          0x00000000080000c0       0x48 c:/st/stm32cubeide_1.12.0/stm32cubeide/plugins/com.st.stm32cube.ide.mcu.externaltools.gnu-tools-for-stm32.10.3-2021.10.win32_1.0.200.202301161003/tools/bin/../lib/gcc/arm-none-eabi/10.3.1/thumb/v6-m/nofp/crtbegin.o
 .text          0x0000000008000108      0x114 c:/st/stm32cubeide_1.12.0/stm32cubeide/plugins/com.st.stm32cube.ide.mcu.externaltools.gnu-tools-for-stm32.10.3-2021.10.win32_1.0.200.202301161003/tools/bin/../lib/gcc/arm-none-eabi/10.3.1/thumb/v6-m/nofp\libgcc.a(_udivsi3.o)
                0x0000000008000108                __aeabi_uidiv
                0x0000000008000108                __udivsi3
                0x0000000008000214                __aeabi_uidivmod
 .text          0x000000000800021c        0x4 c:/st/stm32cubeide_1.12.0/stm32cubeide/plugins/com.st.stm32cube.ide.mcu.externaltools.gnu-tools-for-stm32.10.3-2021.10.win32_1.0.200.202301161003/tools/bin/../lib/gcc/arm-none-eabi/10.3.1/thumb/v6-m/nofp\libgcc.a(_dvmd_tls.o)
                0x000000000800021c                __aeabi_idiv0
                0x000000000800021c                __aeabi_ldiv0
 *(.text*)
 .text.MX_GPIO_Init
                0x0000000008000220      0x128 ./Core/Src/gpio.o
                0x0000000008000220                MX_GPIO_Init
 .text.main     0x0000000008000348       0x4c ./Core/Src/main.o
                0x0000000008000348                main
 .text.SystemClock_Config
                0x0000000008000394       0xae ./Core/Src/main.o
                0x0000000008000394                SystemClock_Config
 .text.Error_Handler
                0x0000000008000442        0xa ./Core/Src/main.o
                0x0000000008000442                Error_Handler
 .text.nRF24_Delay
                0x000000000800044c       0x1a ./Core/Src/nRF24L01.o
 *fill*         0x0000000008000466        0x2 
 .text.nRF24_SendSpi
                0x0000000008000468       0x30 ./Core/Src/nRF24L01.o
 .text.nRF24_ReadSpi
                0x0000000008000498       0x30 ./Core/Src/nRF24L01.o
 .text.nRF24_ReadRegister
                0x00000000080004c8       0x52 ./Core/Src/nRF24L01.o
 .text.nRF24_ReadRegisters
                0x000000000800051a       0x5a ./Core/Src/nRF24L01.o
 .text.nRF24_WriteRegister
                0x0000000008000574       0x58 ./Core/Src/nRF24L01.o
 .text.nRF24_WriteRegisters
                0x00000000080005cc       0x60 ./Core/Src/nRF24L01.o
 .text.nRF24_RX_Mode
                0x000000000800062c       0x6c ./Core/Src/nRF24L01.o
                0x000000000800062c                nRF24_RX_Mode
 .text.nRF24_ReadConfig
                0x0000000008000698       0x12 ./Core/Src/nRF24L01.o
                0x0000000008000698                nRF24_ReadConfig
 .text.nRF24_WriteConfig
                0x00000000080006aa       0x20 ./Core/Src/nRF24L01.o
                0x00000000080006aa                nRF24_WriteConfig
 .text.nRF24_SetPALevel
                0x00000000080006ca       0x52 ./Core/Src/nRF24L01.o
                0x00000000080006ca                nRF24_SetPALevel
 .text.nRF24_SetDataRate
                0x000000000800071c       0x6a ./Core/Src/nRF24L01.o
                0x000000000800071c                nRF24_SetDataRate
 .text.nRF24_ReadStatus
                0x0000000008000786       0x12 ./Core/Src/nRF24L01.o
                0x0000000008000786                nRF24_ReadStatus
 .text.nRF24_WriteStatus
                0x0000000008000798       0x20 ./Core/Src/nRF24L01.o
                0x0000000008000798                nRF24_WriteStatus
 .text.nRF24_FlushRX
                0x00000000080007b8       0x3a ./Core/Src/nRF24L01.o
                0x00000000080007b8                nRF24_FlushRX
 .text.nRF24_FlushTX
                0x00000000080007f2       0x3a ./Core/Src/nRF24L01.o
                0x00000000080007f2                nRF24_FlushTX
 .text.nRF24_EnableCRC
                0x000000000800082c       0x50 ./Core/Src/nRF24L01.o
                0x000000000800082c                nRF24_EnableCRC
 .text.nRF24_SetCRCLength
                0x000000000800087c       0x50 ./Core/Src/nRF24L01.o
                0x000000000800087c                nRF24_SetCRCLength
 .text.nRF24_SetRetries
                0x00000000080008cc       0x3c ./Core/Src/nRF24L01.o
                0x00000000080008cc                nRF24_SetRetries
 .text.nRF24_SetRFChannel
                0x0000000008000908       0x26 ./Core/Src/nRF24L01.o
                0x0000000008000908                nRF24_SetRFChannel
 .text.nRF24_SetPayloadSize
                0x000000000800092e       0x42 ./Core/Src/nRF24L01.o
                0x000000000800092e                nRF24_SetPayloadSize
 .text.nRF24_EnablePipe
                0x0000000008000970       0x88 ./Core/Src/nRF24L01.o
                0x0000000008000970                nRF24_EnablePipe
 .text.nRF24_AutoACK
                0x00000000080009f8       0x88 ./Core/Src/nRF24L01.o
                0x00000000080009f8                nRF24_AutoACK
 .text.nRF24_SetAddressWidth
                0x0000000008000a80       0x46 ./Core/Src/nRF24L01.o
                0x0000000008000a80                nRF24_SetAddressWidth
 .text.nRF24_SetRXAddress
                0x0000000008000ac6       0x8c ./Core/Src/nRF24L01.o
                0x0000000008000ac6                nRF24_SetRXAddress
 *fill*         0x0000000008000b52        0x2 
 .text.nRF24_SetTXAddress
                0x0000000008000b54       0xa8 ./Core/Src/nRF24L01.o
                0x0000000008000b54                nRF24_SetTXAddress
 .text.nRF24_ClearInterrupts
                0x0000000008000bfc       0x2e ./Core/Src/nRF24L01.o
                0x0000000008000bfc                nRF24_ClearInterrupts
 .text.nRF24_EnableRXDataReadyIRQ
                0x0000000008000c2a       0x50 ./Core/Src/nRF24L01.o
                0x0000000008000c2a                nRF24_EnableRXDataReadyIRQ
 .text.nRF24_EnableTXDataSentIRQ
                0x0000000008000c7a       0x50 ./Core/Src/nRF24L01.o
                0x0000000008000c7a                nRF24_EnableTXDataSentIRQ
 .text.nRF24_EnableMaxRetransmitIRQ
                0x0000000008000cca       0x50 ./Core/Src/nRF24L01.o
                0x0000000008000cca                nRF24_EnableMaxRetransmitIRQ
 *fill*         0x0000000008000d1a        0x2 
 .text.nRF24_Init
                0x0000000008000d1c       0xac ./Core/Src/nRF24L01.o
                0x0000000008000d1c                nRF24_Init
 .text.MX_SPI1_Init
                0x0000000008000dc8       0x7c ./Core/Src/spi.o
                0x0000000008000dc8                MX_SPI1_Init
 .text.MX_SPI2_Init
                0x0000000008000e44       0x7c ./Core/Src/spi.o
                0x0000000008000e44                MX_SPI2_Init
 .text.HAL_SPI_MspInit
                0x0000000008000ec0      0x114 ./Core/Src/spi.o
                0x0000000008000ec0                HAL_SPI_MspInit
 .text.HAL_MspInit
                0x0000000008000fd4       0x48 ./Core/Src/stm32f0xx_hal_msp.o
                0x0000000008000fd4                HAL_MspInit
 .text.NMI_Handler
                0x000000000800101c        0x6 ./Core/Src/stm32f0xx_it.o
                0x000000000800101c                NMI_Handler
 .text.HardFault_Handler
                0x0000000008001022        0x6 ./Core/Src/stm32f0xx_it.o
                0x0000000008001022                HardFault_Handler
 .text.SVC_Handler
                0x0000000008001028        0xa ./Core/Src/stm32f0xx_it.o
                0x0000000008001028                SVC_Handler
 .text.PendSV_Handler
                0x0000000008001032        0xa ./Core/Src/stm32f0xx_it.o
                0x0000000008001032                PendSV_Handler
 .text.SysTick_Handler
                0x000000000800103c        0xe ./Core/Src/stm32f0xx_it.o
                0x000000000800103c                SysTick_Handler
 .text.SystemInit
                0x000000000800104a        0xa ./Core/Src/system_stm32f0xx.o
                0x000000000800104a                SystemInit
 .text.MX_USART1_UART_Init
                0x0000000008001054       0x60 ./Core/Src/usart.o
                0x0000000008001054                MX_USART1_UART_Init
 .text.HAL_UART_MspInit
                0x00000000080010b4       0x9c ./Core/Src/usart.o
                0x00000000080010b4                HAL_UART_MspInit
 .text.Reset_Handler
                0x0000000008001150       0x80 ./Core/Startup/startup_stm32f042c6tx.o
                0x0000000008001150                Reset_Handler
 .text.Default_Handler
                0x00000000080011d0        0x2 ./Core/Startup/startup_stm32f042c6tx.o
                0x00000000080011d0                TIM1_CC_IRQHandler
                0x00000000080011d0                TSC_IRQHandler
                0x00000000080011d0                I2C1_IRQHandler
                0x00000000080011d0                RCC_CRS_IRQHandler
                0x00000000080011d0                SPI1_IRQHandler
                0x00000000080011d0                EXTI2_3_IRQHandler
                0x00000000080011d0                ADC1_IRQHandler
                0x00000000080011d0                TIM17_IRQHandler
                0x00000000080011d0                CEC_CAN_IRQHandler
                0x00000000080011d0                RTC_IRQHandler
                0x00000000080011d0                PVD_VDDIO2_IRQHandler
                0x00000000080011d0                TIM16_IRQHandler
                0x00000000080011d0                TIM3_IRQHandler
                0x00000000080011d0                EXTI4_15_IRQHandler
                0x00000000080011d0                DMA1_Channel1_IRQHandler
                0x00000000080011d0                Default_Handler
                0x00000000080011d0                TIM14_IRQHandler
                0x00000000080011d0                DMA1_Channel4_5_IRQHandler
                0x00000000080011d0                EXTI0_1_IRQHandler
                0x00000000080011d0                USB_IRQHandler
                0x00000000080011d0                SPI2_IRQHandler
                0x00000000080011d0                WWDG_IRQHandler
                0x00000000080011d0                TIM2_IRQHandler
                0x00000000080011d0                DMA1_Channel2_3_IRQHandler
                0x00000000080011d0                USART2_IRQHandler
                0x00000000080011d0                FLASH_IRQHandler
                0x00000000080011d0                USART1_IRQHandler
                0x00000000080011d0                TIM1_BRK_UP_TRG_COM_IRQHandler
 *fill*         0x00000000080011d2        0x2 
 .text.HAL_Init
                0x00000000080011d4       0x28 ./Drivers/STM32F0xx_HAL_Driver/Src/stm32f0xx_hal.o
                0x00000000080011d4                HAL_Init
 .text.HAL_InitTick
                0x00000000080011fc       0x68 ./Drivers/STM32F0xx_HAL_Driver/Src/stm32f0xx_hal.o
                0x00000000080011fc                HAL_InitTick
 .text.HAL_IncTick
                0x0000000008001264       0x24 ./Drivers/STM32F0xx_HAL_Driver/Src/stm32f0xx_hal.o
                0x0000000008001264                HAL_IncTick
 .text.HAL_GetTick
                0x0000000008001288       0x14 ./Drivers/STM32F0xx_HAL_Driver/Src/stm32f0xx_hal.o
                0x0000000008001288                HAL_GetTick
 .text.HAL_Delay
                0x000000000800129c       0x48 ./Drivers/STM32F0xx_HAL_Driver/Src/stm32f0xx_hal.o
                0x000000000800129c                HAL_Delay
 .text.__NVIC_SetPriority
                0x00000000080012e4       0xdc ./Drivers/STM32F0xx_HAL_Driver/Src/stm32f0xx_hal_cortex.o
 .text.SysTick_Config
                0x00000000080013c0       0x48 ./Drivers/STM32F0xx_HAL_Driver/Src/stm32f0xx_hal_cortex.o
 .text.HAL_NVIC_SetPriority
                0x0000000008001408       0x2a ./Drivers/STM32F0xx_HAL_Driver/Src/stm32f0xx_hal_cortex.o
                0x0000000008001408                HAL_NVIC_SetPriority
 .text.HAL_SYSTICK_Config
                0x0000000008001432       0x1a ./Drivers/STM32F0xx_HAL_Driver/Src/stm32f0xx_hal_cortex.o
                0x0000000008001432                HAL_SYSTICK_Config
 .text.HAL_GPIO_Init
                0x000000000800144c      0x2d0 ./Drivers/STM32F0xx_HAL_Driver/Src/stm32f0xx_hal_gpio.o
                0x000000000800144c                HAL_GPIO_Init
 .text.HAL_GPIO_WritePin
                0x000000000800171c       0x3a ./Drivers/STM32F0xx_HAL_Driver/Src/stm32f0xx_hal_gpio.o
                0x000000000800171c                HAL_GPIO_WritePin
 *fill*         0x0000000008001756        0x2 
 .text.HAL_RCC_OscConfig
                0x0000000008001758      0x70c ./Drivers/STM32F0xx_HAL_Driver/Src/stm32f0xx_hal_rcc.o
                0x0000000008001758                HAL_RCC_OscConfig
 .text.HAL_RCC_ClockConfig
                0x0000000008001e64      0x1b4 ./Drivers/STM32F0xx_HAL_Driver/Src/stm32f0xx_hal_rcc.o
                0x0000000008001e64                HAL_RCC_ClockConfig
 .text.HAL_RCC_GetSysClockFreq
                0x0000000008002018       0xe8 ./Drivers/STM32F0xx_HAL_Driver/Src/stm32f0xx_hal_rcc.o
                0x0000000008002018                HAL_RCC_GetSysClockFreq
 .text.HAL_RCC_GetHCLKFreq
                0x0000000008002100       0x14 ./Drivers/STM32F0xx_HAL_Driver/Src/stm32f0xx_hal_rcc.o
                0x0000000008002100                HAL_RCC_GetHCLKFreq
 .text.HAL_RCC_GetPCLK1Freq
                0x0000000008002114       0x2c ./Drivers/STM32F0xx_HAL_Driver/Src/stm32f0xx_hal_rcc.o
                0x0000000008002114                HAL_RCC_GetPCLK1Freq
 .text.HAL_RCCEx_PeriphCLKConfig
                0x0000000008002140      0x1dc ./Drivers/STM32F0xx_HAL_Driver/Src/stm32f0xx_hal_rcc_ex.o
                0x0000000008002140                HAL_RCCEx_PeriphCLKConfig
 .text.HAL_SPI_Init
                0x000000000800231c      0x170 ./Drivers/STM32F0xx_HAL_Driver/Src/stm32f0xx_hal_spi.o
                0x000000000800231c                HAL_SPI_Init
 .text.HAL_SPI_Transmit
                0x000000000800248c      0x2be ./Drivers/STM32F0xx_HAL_Driver/Src/stm32f0xx_hal_spi.o
                0x000000000800248c                HAL_SPI_Transmit
 *fill*         0x000000000800274a        0x2 
 .text.HAL_SPI_Receive
                0x000000000800274c      0x2a4 ./Drivers/STM32F0xx_HAL_Driver/Src/stm32f0xx_hal_spi.o
                0x000000000800274c                HAL_SPI_Receive
 .text.HAL_SPI_TransmitReceive
                0x00000000080029f0      0x3c4 ./Drivers/STM32F0xx_HAL_Driver/Src/stm32f0xx_hal_spi.o
                0x00000000080029f0                HAL_SPI_TransmitReceive
 .text.SPI_WaitFlagStateUntilTimeout
                0x0000000008002db4      0x11c ./Drivers/STM32F0xx_HAL_Driver/Src/stm32f0xx_hal_spi.o
 .text.SPI_WaitFifoStateUntilTimeout
                0x0000000008002ed0      0x144 ./Drivers/STM32F0xx_HAL_Driver/Src/stm32f0xx_hal_spi.o
 .text.SPI_EndRxTransaction
                0x0000000008003014       0xbc ./Drivers/STM32F0xx_HAL_Driver/Src/stm32f0xx_hal_spi.o
 .text.SPI_EndRxTxTransaction
                0x00000000080030d0       0x8c ./Drivers/STM32F0xx_HAL_Driver/Src/stm32f0xx_hal_spi.o
 .text.HAL_UART_Init
                0x000000000800315c       0xa8 ./Drivers/STM32F0xx_HAL_Driver/Src/stm32f0xx_hal_uart.o
                0x000000000800315c                HAL_UART_Init
 .text.UART_SetConfig
                0x0000000008003204      0x280 ./Drivers/STM32F0xx_HAL_Driver/Src/stm32f0xx_hal_uart.o
                0x0000000008003204                UART_SetConfig
 .text.UART_AdvFeatureConfig
                0x0000000008003484      0x168 ./Drivers/STM32F0xx_HAL_Driver/Src/stm32f0xx_hal_uart.o
                0x0000000008003484                UART_AdvFeatureConfig
 .text.UART_CheckIdleState
                0x00000000080035ec      0x150 ./Drivers/STM32F0xx_HAL_Driver/Src/stm32f0xx_hal_uart.o
                0x00000000080035ec                UART_CheckIdleState
 .text.UART_WaitOnFlagUntilTimeout
                0x000000000800373c       0xd2 ./Drivers/STM32F0xx_HAL_Driver/Src/stm32f0xx_hal_uart.o
                0x000000000800373c                UART_WaitOnFlagUntilTimeout
 *fill*         0x000000000800380e        0x2 
 .text.UART_EndRxTransfer
                0x0000000008003810       0xc8 ./Drivers/STM32F0xx_HAL_Driver/Src/stm32f0xx_hal_uart.o
 .text.MX_FATFS_Init
                0x00000000080038d8       0x2c ./FATFS/App/fatfs.o
                0x00000000080038d8                MX_FATFS_Init
 .text.USER_initialize
                0x0000000008003904       0x20 ./FATFS/Target/user_diskio.o
                0x0000000008003904                USER_initialize
 .text.USER_status
                0x0000000008003924       0x20 ./FATFS/Target/user_diskio.o
                0x0000000008003924                USER_status
 .text.USER_read
                0x0000000008003944       0x2e ./FATFS/Target/user_diskio.o
                0x0000000008003944                USER_read
 .text.USER_write
                0x0000000008003972       0x2e ./FATFS/Target/user_diskio.o
                0x0000000008003972                USER_write
 .text.USER_ioctl
                0x00000000080039a0       0x2e ./FATFS/Target/user_diskio.o
                0x00000000080039a0                USER_ioctl
 *fill*         0x00000000080039ce        0x2 
 .text.SPI_Timer_On
                0x00000000080039d0       0x28 ./FATFS/Target/user_diskio_spi.o
                0x00000000080039d0                SPI_Timer_On
 .text.SPI_Timer_Status
                0x00000000080039f8       0x2c ./FATFS/Target/user_diskio_spi.o
                0x00000000080039f8                SPI_Timer_Status
 .text.xchg_spi
                0x0000000008003a24       0x30 ./FATFS/Target/user_diskio_spi.o
 .text.rcvr_spi_multi
                0x0000000008003a54       0x38 ./FATFS/Target/user_diskio_spi.o
 .text.xmit_spi_multi
                0x0000000008003a8c       0x36 ./FATFS/Target/user_diskio_spi.o
 .text.wait_ready
                0x0000000008003ac2       0x50 ./FATFS/Target/user_diskio_spi.o
 .text.despiselect
                0x0000000008003b12       0x20 ./FATFS/Target/user_diskio_spi.o
 .text.spiselect
                0x0000000008003b32       0x38 ./FATFS/Target/user_diskio_spi.o
 .text.rcvr_datablock
                0x0000000008003b6a       0x5e ./FATFS/Target/user_diskio_spi.o
 .text.xmit_datablock
                0x0000000008003bc8       0x74 ./FATFS/Target/user_diskio_spi.o
 .text.send_cmd
                0x0000000008003c3c      0x11c ./FATFS/Target/user_diskio_spi.o
 .text.USER_SPI_initialize
                0x0000000008003d58      0x230 ./FATFS/Target/user_diskio_spi.o
                0x0000000008003d58                USER_SPI_initialize
 .text.USER_SPI_status
                0x0000000008003f88       0x2c ./FATFS/Target/user_diskio_spi.o
                0x0000000008003f88                USER_SPI_status
 .text.USER_SPI_read
                0x0000000008003fb4       0xd8 ./FATFS/Target/user_diskio_spi.o
                0x0000000008003fb4                USER_SPI_read
 .text.USER_SPI_write
                0x000000000800408c      0x100 ./FATFS/Target/user_diskio_spi.o
                0x000000000800408c                USER_SPI_write
 .text.USER_SPI_ioctl
                0x000000000800418c      0x328 ./FATFS/Target/user_diskio_spi.o
                0x000000000800418c                USER_SPI_ioctl
 .text.FATFS_LinkDriverEx
                0x00000000080044b4       0xa8 ./Middlewares/Third_Party/FatFs/src/ff_gen_drv.o
                0x00000000080044b4                FATFS_LinkDriverEx
 .text.FATFS_LinkDriver
                0x000000000800455c       0x20 ./Middlewares/Third_Party/FatFs/src/ff_gen_drv.o
                0x000000000800455c                FATFS_LinkDriver
 .text.__libc_init_array
                0x000000000800457c       0x48 c:/st/stm32cubeide_1.12.0/stm32cubeide/plugins/com.st.stm32cube.ide.mcu.externaltools.gnu-tools-for-stm32.10.3-2021.10.win32_1.0.200.202301161003/tools/bin/../lib/gcc/arm-none-eabi/10.3.1/../../../../arm-none-eabi/lib/thumb/v6-m/nofp\libc_nano.a(lib_a-init.o)
                0x000000000800457c                __libc_init_array
 .text.memset   0x00000000080045c4       0x10 c:/st/stm32cubeide_1.12.0/stm32cubeide/plugins/com.st.stm32cube.ide.mcu.externaltools.gnu-tools-for-stm32.10.3-2021.10.win32_1.0.200.202301161003/tools/bin/../lib/gcc/arm-none-eabi/10.3.1/../../../../arm-none-eabi/lib/thumb/v6-m/nofp\libc_nano.a(lib_a-memset.o)
                0x00000000080045c4                memset
 *(.glue_7)
 .glue_7        0x00000000080045d4        0x0 linker stubs
 *(.glue_7t)
 .glue_7t       0x00000000080045d4        0x0 linker stubs
 *(.eh_frame)
 .eh_frame      0x00000000080045d4        0x0 c:/st/stm32cubeide_1.12.0/stm32cubeide/plugins/com.st.stm32cube.ide.mcu.externaltools.gnu-tools-for-stm32.10.3-2021.10.win32_1.0.200.202301161003/tools/bin/../lib/gcc/arm-none-eabi/10.3.1/thumb/v6-m/nofp/crtbegin.o
 *(.init)
 .init          0x00000000080045d4        0x4 c:/st/stm32cubeide_1.12.0/stm32cubeide/plugins/com.st.stm32cube.ide.mcu.externaltools.gnu-tools-for-stm32.10.3-2021.10.win32_1.0.200.202301161003/tools/bin/../lib/gcc/arm-none-eabi/10.3.1/thumb/v6-m/nofp/crti.o
                0x00000000080045d4                _init
 .init          0x00000000080045d8        0x8 c:/st/stm32cubeide_1.12.0/stm32cubeide/plugins/com.st.stm32cube.ide.mcu.externaltools.gnu-tools-for-stm32.10.3-2021.10.win32_1.0.200.202301161003/tools/bin/../lib/gcc/arm-none-eabi/10.3.1/thumb/v6-m/nofp/crtn.o
 *(.fini)
 .fini          0x00000000080045e0        0x4 c:/st/stm32cubeide_1.12.0/stm32cubeide/plugins/com.st.stm32cube.ide.mcu.externaltools.gnu-tools-for-stm32.10.3-2021.10.win32_1.0.200.202301161003/tools/bin/../lib/gcc/arm-none-eabi/10.3.1/thumb/v6-m/nofp/crti.o
                0x00000000080045e0                _fini
 .fini          0x00000000080045e4        0x8 c:/st/stm32cubeide_1.12.0/stm32cubeide/plugins/com.st.stm32cube.ide.mcu.externaltools.gnu-tools-for-stm32.10.3-2021.10.win32_1.0.200.202301161003/tools/bin/../lib/gcc/arm-none-eabi/10.3.1/thumb/v6-m/nofp/crtn.o
                0x00000000080045ec                . = ALIGN (0x4)
                0x00000000080045ec                _etext = .

.vfp11_veneer   0x00000000080045ec        0x0
 .vfp11_veneer  0x00000000080045ec        0x0 linker stubs

.v4_bx          0x00000000080045ec        0x0
 .v4_bx         0x00000000080045ec        0x0 linker stubs

.iplt           0x00000000080045ec        0x0
 .iplt          0x00000000080045ec        0x0 c:/st/stm32cubeide_1.12.0/stm32cubeide/plugins/com.st.stm32cube.ide.mcu.externaltools.gnu-tools-for-stm32.10.3-2021.10.win32_1.0.200.202301161003/tools/bin/../lib/gcc/arm-none-eabi/10.3.1/thumb/v6-m/nofp/crtbegin.o

.rodata         0x00000000080045ec       0x38
                0x00000000080045ec                . = ALIGN (0x4)
 *(.rodata)
 *(.rodata*)
 .rodata.AHBPrescTable
                0x00000000080045ec       0x10 ./Core/Src/system_stm32f0xx.o
                0x00000000080045ec                AHBPrescTable
 .rodata.APBPrescTable
                0x00000000080045fc        0x8 ./Core/Src/system_stm32f0xx.o
                0x00000000080045fc                APBPrescTable
 .rodata.aPLLMULFactorTable.1
                0x0000000008004604       0x10 ./Drivers/STM32F0xx_HAL_Driver/Src/stm32f0xx_hal_rcc.o
 .rodata.aPredivFactorTable.0
                0x0000000008004614       0x10 ./Drivers/STM32F0xx_HAL_Driver/Src/stm32f0xx_hal_rcc.o
                0x0000000008004624                . = ALIGN (0x4)

.rel.dyn        0x0000000008004624        0x0
 .rel.iplt      0x0000000008004624        0x0 c:/st/stm32cubeide_1.12.0/stm32cubeide/plugins/com.st.stm32cube.ide.mcu.externaltools.gnu-tools-for-stm32.10.3-2021.10.win32_1.0.200.202301161003/tools/bin/../lib/gcc/arm-none-eabi/10.3.1/thumb/v6-m/nofp/crtbegin.o

.ARM.extab      0x0000000008004624        0x0
                0x0000000008004624                . = ALIGN (0x4)
 *(.ARM.extab* .gnu.linkonce.armextab.*)
                0x0000000008004624                . = ALIGN (0x4)

.ARM            0x0000000008004624        0x0
                0x0000000008004624                . = ALIGN (0x4)
                0x0000000008004624                __exidx_start = .
 *(.ARM.exidx*)
                0x0000000008004624                __exidx_end = .
                0x0000000008004624                . = ALIGN (0x4)

.preinit_array  0x0000000008004624        0x0
                0x0000000008004624                . = ALIGN (0x4)
                0x0000000008004624                PROVIDE (__preinit_array_start = .)
 *(.preinit_array*)
                0x0000000008004624                PROVIDE (__preinit_array_end = .)
                0x0000000008004624                . = ALIGN (0x4)

.init_array     0x0000000008004624        0x4
                0x0000000008004624                . = ALIGN (0x4)
                0x0000000008004624                PROVIDE (__init_array_start = .)
 *(SORT_BY_NAME(.init_array.*))
 *(.init_array*)
 .init_array    0x0000000008004624        0x4 c:/st/stm32cubeide_1.12.0/stm32cubeide/plugins/com.st.stm32cube.ide.mcu.externaltools.gnu-tools-for-stm32.10.3-2021.10.win32_1.0.200.202301161003/tools/bin/../lib/gcc/arm-none-eabi/10.3.1/thumb/v6-m/nofp/crtbegin.o
                0x0000000008004628                PROVIDE (__init_array_end = .)
                0x0000000008004628                . = ALIGN (0x4)

.fini_array     0x0000000008004628        0x4
                0x0000000008004628                . = ALIGN (0x4)
                [!provide]                        PROVIDE (__fini_array_start = .)
 *(SORT_BY_NAME(.fini_array.*))
 *(.fini_array*)
 .fini_array    0x0000000008004628        0x4 c:/st/stm32cubeide_1.12.0/stm32cubeide/plugins/com.st.stm32cube.ide.mcu.externaltools.gnu-tools-for-stm32.10.3-2021.10.win32_1.0.200.202301161003/tools/bin/../lib/gcc/arm-none-eabi/10.3.1/thumb/v6-m/nofp/crtbegin.o
                [!provide]                        PROVIDE (__fini_array_end = .)
                0x000000000800462c                . = ALIGN (0x4)
                0x000000000800462c                _sidata = LOADADDR (.data)

.data           0x0000000020000000       0x34 load address 0x000000000800462c
                0x0000000020000000                . = ALIGN (0x4)
                0x0000000020000000                _sdata = .
 *(.data)
 *(.data*)
 .data.TxAddr   0x0000000020000000        0x5 ./Core/Src/main.o
                0x0000000020000000                TxAddr
 *fill*         0x0000000020000005        0x3 
 .data.RxAddr   0x0000000020000008        0x5 ./Core/Src/main.o
                0x0000000020000008                RxAddr
 *fill*         0x000000002000000d        0x3 
 .data.SystemCoreClock
                0x0000000020000010        0x4 ./Core/Src/system_stm32f0xx.o
                0x0000000020000010                SystemCoreClock
 .data.uwTickPrio
                0x0000000020000014        0x4 ./Drivers/STM32F0xx_HAL_Driver/Src/stm32f0xx_hal.o
                0x0000000020000014                uwTickPrio
 .data.uwTickFreq
                0x0000000020000018        0x1 ./Drivers/STM32F0xx_HAL_Driver/Src/stm32f0xx_hal.o
                0x0000000020000018                uwTickFreq
 *fill*         0x0000000020000019        0x3 
 .data.USER_Driver
                0x000000002000001c       0x14 ./FATFS/Target/user_diskio.o
                0x000000002000001c                USER_Driver
 .data.Stat     0x0000000020000030        0x1 ./FATFS/Target/user_diskio_spi.o
 *(.RamFunc)
 *(.RamFunc*)
                0x0000000020000034                . = ALIGN (0x4)
 *fill*         0x0000000020000031        0x3 
                0x0000000020000034                _edata = .

.igot.plt       0x0000000020000034        0x0 load address 0x0000000008004660
 .igot.plt      0x0000000020000034        0x0 c:/st/stm32cubeide_1.12.0/stm32cubeide/plugins/com.st.stm32cube.ide.mcu.externaltools.gnu-tools-for-stm32.10.3-2021.10.win32_1.0.200.202301161003/tools/bin/../lib/gcc/arm-none-eabi/10.3.1/thumb/v6-m/nofp/crtbegin.o
                0x0000000020000034                . = ALIGN (0x4)

.bss            0x0000000020000034      0x198 load address 0x0000000008004660
                0x0000000020000034                _sbss = .
                0x0000000020000034                __bss_start__ = _sbss
 *(.bss)
 .bss           0x0000000020000034       0x1c c:/st/stm32cubeide_1.12.0/stm32cubeide/plugins/com.st.stm32cube.ide.mcu.externaltools.gnu-tools-for-stm32.10.3-2021.10.win32_1.0.200.202301161003/tools/bin/../lib/gcc/arm-none-eabi/10.3.1/thumb/v6-m/nofp/crtbegin.o
 *(.bss*)
 .bss.hspi_nrf  0x0000000020000050        0x4 ./Core/Src/nRF24L01.o
 .bss.addr_p0_backup
                0x0000000020000054        0x3 ./Core/Src/nRF24L01.o
 *fill*         0x0000000020000057        0x1 
 .bss.hspi1     0x0000000020000058       0x64 ./Core/Src/spi.o
                0x0000000020000058                hspi1
 .bss.hspi2     0x00000000200000bc       0x64 ./Core/Src/spi.o
                0x00000000200000bc                hspi2
 .bss.huart1    0x0000000020000120       0x88 ./Core/Src/usart.o
                0x0000000020000120                huart1
 .bss.uwTick    0x00000000200001a8        0x4 ./Drivers/STM32F0xx_HAL_Driver/Src/stm32f0xx_hal.o
                0x00000000200001a8                uwTick
 .bss.retUSER   0x00000000200001ac        0x1 ./FATFS/App/fatfs.o
                0x00000000200001ac                retUSER
 *fill*         0x00000000200001ad        0x3 
 .bss.USERPath  0x00000000200001b0        0x4 ./FATFS/App/fatfs.o
                0x00000000200001b0                USERPath
 .bss.CardType  0x00000000200001b4        0x1 ./FATFS/Target/user_diskio_spi.o
 *fill*         0x00000000200001b5        0x3 
 .bss.spiTimerTickStart
                0x00000000200001b8        0x4 ./FATFS/Target/user_diskio_spi.o
                0x00000000200001b8                spiTimerTickStart
 .bss.spiTimerTickDelay
                0x00000000200001bc        0x4 ./FATFS/Target/user_diskio_spi.o
                0x00000000200001bc                spiTimerTickDelay
 .bss.disk      0x00000000200001c0        0xc ./Middlewares/Third_Party/FatFs/src/ff_gen_drv.o
                0x00000000200001c0                disk
 *(COMMON)
                0x00000000200001cc                . = ALIGN (0x4)
                0x00000000200001cc                _ebss = .
                0x00000000200001cc                __bss_end__ = _ebss

._user_heap_stack
                0x00000000200001cc      0x604 load address 0x0000000008004660
                0x00000000200001d0                . = ALIGN (0x8)
 *fill*         0x00000000200001cc        0x4 
                [!provide]                        PROVIDE (end = .)
                0x00000000200001d0                PROVIDE (_end = .)
                0x00000000200003d0                . = (. + _Min_Heap_Size)
 *fill*         0x00000000200001d0      0x200 
                0x00000000200007d0                . = (. + _Min_Stack_Size)
 *fill*         0x00000000200003d0      0x400 
                0x00000000200007d0                . = ALIGN (0x8)

/DISCARD/
 libc.a(*)
 libm.a(*)
 libgcc.a(*)

.ARM.attributes
                0x0000000000000000       0x28
 *(.ARM.attributes)
 .ARM.attributes
                0x0000000000000000       0x1e c:/st/stm32cubeide_1.12.0/stm32cubeide/plugins/com.st.stm32cube.ide.mcu.externaltools.gnu-tools-for-stm32.10.3-2021.10.win32_1.0.200.202301161003/tools/bin/../lib/gcc/arm-none-eabi/10.3.1/thumb/v6-m/nofp/crti.o
 .ARM.attributes
                0x000000000000001e       0x2c c:/st/stm32cubeide_1.12.0/stm32cubeide/plugins/com.st.stm32cube.ide.mcu.externaltools.gnu-tools-for-stm32.10.3-2021.10.win32_1.0.200.202301161003/tools/bin/../lib/gcc/arm-none-eabi/10.3.1/thumb/v6-m/nofp/crtbegin.o
 .ARM.attributes
                0x000000000000004a       0x2c ./Core/Src/gpio.o
 .ARM.attributes
                0x0000000000000076       0x2c ./Core/Src/main.o
 .ARM.attributes
                0x00000000000000a2       0x2c ./Core/Src/nRF24L01.o
 .ARM.attributes
                0x00000000000000ce       0x2c ./Core/Src/spi.o
 .ARM.attributes
                0x00000000000000fa       0x2c ./Core/Src/stm32f0xx_hal_msp.o
 .ARM.attributes
                0x0000000000000126       0x2c ./Core/Src/stm32f0xx_it.o
 .ARM.attributes
                0x0000000000000152       0x2c ./Core/Src/system_stm32f0xx.o
 .ARM.attributes
                0x000000000000017e       0x2c ./Core/Src/usart.o
 .ARM.attributes
                0x00000000000001aa       0x21 ./Core/Startup/startup_stm32f042c6tx.o
 .ARM.attributes
                0x00000000000001cb       0x2c ./Drivers/STM32F0xx_HAL_Driver/Src/stm32f0xx_hal.o
 .ARM.attributes
                0x00000000000001f7       0x2c ./Drivers/STM32F0xx_HAL_Driver/Src/stm32f0xx_hal_cortex.o
 .ARM.attributes
                0x0000000000000223       0x2c ./Drivers/STM32F0xx_HAL_Driver/Src/stm32f0xx_hal_gpio.o
 .ARM.attributes
                0x000000000000024f       0x2c ./Drivers/STM32F0xx_HAL_Driver/Src/stm32f0xx_hal_rcc.o
 .ARM.attributes
                0x000000000000027b       0x2c ./Drivers/STM32F0xx_HAL_Driver/Src/stm32f0xx_hal_rcc_ex.o
 .ARM.attributes
                0x00000000000002a7       0x2c ./Drivers/STM32F0xx_HAL_Driver/Src/stm32f0xx_hal_spi.o
 .ARM.attributes
                0x00000000000002d3       0x2c ./Drivers/STM32F0xx_HAL_Driver/Src/stm32f0xx_hal_uart.o
 .ARM.attributes
                0x00000000000002ff       0x2c ./FATFS/App/fatfs.o
 .ARM.attributes
                0x000000000000032b       0x2c ./FATFS/Target/user_diskio.o
 .ARM.attributes
                0x0000000000000357       0x2c ./FATFS/Target/user_diskio_spi.o
 .ARM.attributes
                0x0000000000000383       0x2c ./Middlewares/Third_Party/FatFs/src/ff_gen_drv.o
 .ARM.attributes
                0x00000000000003af       0x2c c:/st/stm32cubeide_1.12.0/stm32cubeide/plugins/com.st.stm32cube.ide.mcu.externaltools.gnu-tools-for-stm32.10.3-2021.10.win32_1.0.200.202301161003/tools/bin/../lib/gcc/arm-none-eabi/10.3.1/../../../../arm-none-eabi/lib/thumb/v6-m/nofp\libc_nano.a(lib_a-init.o)
 .ARM.attributes
                0x00000000000003db       0x2c c:/st/stm32cubeide_1.12.0/stm32cubeide/plugins/com.st.stm32cube.ide.mcu.externaltools.gnu-tools-for-stm32.10.3-2021.10.win32_1.0.200.202301161003/tools/bin/../lib/gcc/arm-none-eabi/10.3.1/../../../../arm-none-eabi/lib/thumb/v6-m/nofp\libc_nano.a(lib_a-memset.o)
 .ARM.attributes
                0x0000000000000407       0x1e c:/st/stm32cubeide_1.12.0/stm32cubeide/plugins/com.st.stm32cube.ide.mcu.externaltools.gnu-tools-for-stm32.10.3-2021.10.win32_1.0.200.202301161003/tools/bin/../lib/gcc/arm-none-eabi/10.3.1/thumb/v6-m/nofp\libgcc.a(_udivsi3.o)
 .ARM.attributes
                0x0000000000000425       0x1e c:/st/stm32cubeide_1.12.0/stm32cubeide/plugins/com.st.stm32cube.ide.mcu.externaltools.gnu-tools-for-stm32.10.3-2021.10.win32_1.0.200.202301161003/tools/bin/../lib/gcc/arm-none-eabi/10.3.1/thumb/v6-m/nofp\libgcc.a(_dvmd_tls.o)
 .ARM.attributes
                0x0000000000000443       0x1e c:/st/stm32cubeide_1.12.0/stm32cubeide/plugins/com.st.stm32cube.ide.mcu.externaltools.gnu-tools-for-stm32.10.3-2021.10.win32_1.0.200.202301161003/tools/bin/../lib/gcc/arm-none-eabi/10.3.1/thumb/v6-m/nofp/crtn.o
OUTPUT(MCS_Telemetry.elf elf32-littlearm)
LOAD linker stubs
LOAD c:/st/stm32cubeide_1.12.0/stm32cubeide/plugins/com.st.stm32cube.ide.mcu.externaltools.gnu-tools-for-stm32.10.3-2021.10.win32_1.0.200.202301161003/tools/bin/../lib/gcc/arm-none-eabi/10.3.1/../../../../arm-none-eabi/lib/thumb/v6-m/nofp\libc.a
LOAD c:/st/stm32cubeide_1.12.0/stm32cubeide/plugins/com.st.stm32cube.ide.mcu.externaltools.gnu-tools-for-stm32.10.3-2021.10.win32_1.0.200.202301161003/tools/bin/../lib/gcc/arm-none-eabi/10.3.1/../../../../arm-none-eabi/lib/thumb/v6-m/nofp\libm.a
LOAD c:/st/stm32cubeide_1.12.0/stm32cubeide/plugins/com.st.stm32cube.ide.mcu.externaltools.gnu-tools-for-stm32.10.3-2021.10.win32_1.0.200.202301161003/tools/bin/../lib/gcc/arm-none-eabi/10.3.1/thumb/v6-m/nofp\libgcc.a

.debug_info     0x0000000000000000     0xc543
 .debug_info    0x0000000000000000      0x374 ./Core/Src/gpio.o
 .debug_info    0x0000000000000374      0x9bb ./Core/Src/main.o
 .debug_info    0x0000000000000d2f      0xf24 ./Core/Src/nRF24L01.o
 .debug_info    0x0000000000001c53      0x950 ./Core/Src/spi.o
 .debug_info    0x00000000000025a3      0x1b8 ./Core/Src/stm32f0xx_hal_msp.o
 .debug_info    0x000000000000275b       0xda ./Core/Src/stm32f0xx_it.o
 .debug_info    0x0000000000002835      0x269 ./Core/Src/system_stm32f0xx.o
 .debug_info    0x0000000000002a9e      0x99e ./Core/Src/usart.o
 .debug_info    0x000000000000343c       0x22 ./Core/Startup/startup_stm32f042c6tx.o
 .debug_info    0x000000000000345e      0x6d2 ./Drivers/STM32F0xx_HAL_Driver/Src/stm32f0xx_hal.o
 .debug_info    0x0000000000003b30      0x705 ./Drivers/STM32F0xx_HAL_Driver/Src/stm32f0xx_hal_cortex.o
 .debug_info    0x0000000000004235      0x628 ./Drivers/STM32F0xx_HAL_Driver/Src/stm32f0xx_hal_gpio.o
 .debug_info    0x000000000000485d      0x8b0 ./Drivers/STM32F0xx_HAL_Driver/Src/stm32f0xx_hal_rcc.o
 .debug_info    0x000000000000510d      0x640 ./Drivers/STM32F0xx_HAL_Driver/Src/stm32f0xx_hal_rcc_ex.o
 .debug_info    0x000000000000574d     0x1781 ./Drivers/STM32F0xx_HAL_Driver/Src/stm32f0xx_hal_spi.o
 .debug_info    0x0000000000006ece     0x3d40 ./Drivers/STM32F0xx_HAL_Driver/Src/stm32f0xx_hal_uart.o
 .debug_info    0x000000000000ac0e      0x51e ./FATFS/App/fatfs.o
 .debug_info    0x000000000000b12c      0x3d2 ./FATFS/Target/user_diskio.o
 .debug_info    0x000000000000b4fe      0xca1 ./FATFS/Target/user_diskio_spi.o
 .debug_info    0x000000000000c19f      0x3a4 ./Middlewares/Third_Party/FatFs/src/ff_gen_drv.o

.debug_abbrev   0x0000000000000000     0x239a
 .debug_abbrev  0x0000000000000000      0x146 ./Core/Src/gpio.o
 .debug_abbrev  0x0000000000000146      0x214 ./Core/Src/main.o
 .debug_abbrev  0x000000000000035a      0x2c8 ./Core/Src/nRF24L01.o
 .debug_abbrev  0x0000000000000622      0x1e0 ./Core/Src/spi.o
 .debug_abbrev  0x0000000000000802       0xc2 ./Core/Src/stm32f0xx_hal_msp.o
 .debug_abbrev  0x00000000000008c4       0x74 ./Core/Src/stm32f0xx_it.o
 .debug_abbrev  0x0000000000000938      0x116 ./Core/Src/system_stm32f0xx.o
 .debug_abbrev  0x0000000000000a4e      0x1e7 ./Core/Src/usart.o
 .debug_abbrev  0x0000000000000c35       0x12 ./Core/Startup/startup_stm32f042c6tx.o
 .debug_abbrev  0x0000000000000c47      0x23f ./Drivers/STM32F0xx_HAL_Driver/Src/stm32f0xx_hal.o
 .debug_abbrev  0x0000000000000e86      0x283 ./Drivers/STM32F0xx_HAL_Driver/Src/stm32f0xx_hal_cortex.o
 .debug_abbrev  0x0000000000001109      0x1bb ./Drivers/STM32F0xx_HAL_Driver/Src/stm32f0xx_hal_gpio.o
 .debug_abbrev  0x00000000000012c4      0x283 ./Drivers/STM32F0xx_HAL_Driver/Src/stm32f0xx_hal_rcc.o
 .debug_abbrev  0x0000000000001547      0x1d0 ./Drivers/STM32F0xx_HAL_Driver/Src/stm32f0xx_hal_rcc_ex.o
 .debug_abbrev  0x0000000000001717      0x254 ./Drivers/STM32F0xx_HAL_Driver/Src/stm32f0xx_hal_spi.o
 .debug_abbrev  0x000000000000196b      0x2ba ./Drivers/STM32F0xx_HAL_Driver/Src/stm32f0xx_hal_uart.o
 .debug_abbrev  0x0000000000001c25      0x19a ./FATFS/App/fatfs.o
 .debug_abbrev  0x0000000000001dbf      0x13f ./FATFS/Target/user_diskio.o
 .debug_abbrev  0x0000000000001efe      0x306 ./FATFS/Target/user_diskio_spi.o
 .debug_abbrev  0x0000000000002204      0x196 ./Middlewares/Third_Party/FatFs/src/ff_gen_drv.o

.debug_aranges  0x0000000000000000      0xad8
 .debug_aranges
                0x0000000000000000       0x20 ./Core/Src/gpio.o
 .debug_aranges
                0x0000000000000020       0x30 ./Core/Src/main.o
 .debug_aranges
                0x0000000000000050      0x150 ./Core/Src/nRF24L01.o
 .debug_aranges
                0x00000000000001a0       0x38 ./Core/Src/spi.o
 .debug_aranges
                0x00000000000001d8       0x20 ./Core/Src/stm32f0xx_hal_msp.o
 .debug_aranges
                0x00000000000001f8       0x40 ./Core/Src/stm32f0xx_it.o
 .debug_aranges
                0x0000000000000238       0x28 ./Core/Src/system_stm32f0xx.o
 .debug_aranges
                0x0000000000000260       0x30 ./Core/Src/usart.o
 .debug_aranges
                0x0000000000000290       0x28 ./Core/Startup/startup_stm32f042c6tx.o
 .debug_aranges
                0x00000000000002b8       0xd0 ./Drivers/STM32F0xx_HAL_Driver/Src/stm32f0xx_hal.o
 .debug_aranges
                0x0000000000000388       0xc0 ./Drivers/STM32F0xx_HAL_Driver/Src/stm32f0xx_hal_cortex.o
 .debug_aranges
                0x0000000000000448       0x58 ./Drivers/STM32F0xx_HAL_Driver/Src/stm32f0xx_hal_gpio.o
 .debug_aranges
                0x00000000000004a0       0x80 ./Drivers/STM32F0xx_HAL_Driver/Src/stm32f0xx_hal_rcc.o
 .debug_aranges
                0x0000000000000520       0x78 ./Drivers/STM32F0xx_HAL_Driver/Src/stm32f0xx_hal_rcc_ex.o
 .debug_aranges
                0x0000000000000598      0x1d8 ./Drivers/STM32F0xx_HAL_Driver/Src/stm32f0xx_hal_spi.o
 .debug_aranges
                0x0000000000000770      0x228 ./Drivers/STM32F0xx_HAL_Driver/Src/stm32f0xx_hal_uart.o
 .debug_aranges
                0x0000000000000998       0x28 ./FATFS/App/fatfs.o
 .debug_aranges
                0x00000000000009c0       0x40 ./FATFS/Target/user_diskio.o
 .debug_aranges
                0x0000000000000a00       0x98 ./FATFS/Target/user_diskio_spi.o
 .debug_aranges
                0x0000000000000a98       0x40 ./Middlewares/Third_Party/FatFs/src/ff_gen_drv.o

.debug_ranges   0x0000000000000000      0x9d0
 .debug_ranges  0x0000000000000000       0x10 ./Core/Src/gpio.o
 .debug_ranges  0x0000000000000010       0x20 ./Core/Src/main.o
 .debug_ranges  0x0000000000000030      0x140 ./Core/Src/nRF24L01.o
 .debug_ranges  0x0000000000000170       0x28 ./Core/Src/spi.o
 .debug_ranges  0x0000000000000198       0x10 ./Core/Src/stm32f0xx_hal_msp.o
 .debug_ranges  0x00000000000001a8       0x30 ./Core/Src/stm32f0xx_it.o
 .debug_ranges  0x00000000000001d8       0x18 ./Core/Src/system_stm32f0xx.o
 .debug_ranges  0x00000000000001f0       0x20 ./Core/Src/usart.o
 .debug_ranges  0x0000000000000210       0x20 ./Core/Startup/startup_stm32f042c6tx.o
 .debug_ranges  0x0000000000000230       0xc0 ./Drivers/STM32F0xx_HAL_Driver/Src/stm32f0xx_hal.o
 .debug_ranges  0x00000000000002f0       0xb0 ./Drivers/STM32F0xx_HAL_Driver/Src/stm32f0xx_hal_cortex.o
 .debug_ranges  0x00000000000003a0       0x48 ./Drivers/STM32F0xx_HAL_Driver/Src/stm32f0xx_hal_gpio.o
 .debug_ranges  0x00000000000003e8       0x70 ./Drivers/STM32F0xx_HAL_Driver/Src/stm32f0xx_hal_rcc.o
 .debug_ranges  0x0000000000000458       0x68 ./Drivers/STM32F0xx_HAL_Driver/Src/stm32f0xx_hal_rcc_ex.o
 .debug_ranges  0x00000000000004c0      0x1c8 ./Drivers/STM32F0xx_HAL_Driver/Src/stm32f0xx_hal_spi.o
 .debug_ranges  0x0000000000000688      0x248 ./Drivers/STM32F0xx_HAL_Driver/Src/stm32f0xx_hal_uart.o
 .debug_ranges  0x00000000000008d0       0x18 ./FATFS/App/fatfs.o
 .debug_ranges  0x00000000000008e8       0x30 ./FATFS/Target/user_diskio.o
 .debug_ranges  0x0000000000000918       0x88 ./FATFS/Target/user_diskio_spi.o
 .debug_ranges  0x00000000000009a0       0x30 ./Middlewares/Third_Party/FatFs/src/ff_gen_drv.o

.debug_macro    0x0000000000000000     0x2b98
 .debug_macro   0x0000000000000000      0x1dc ./Core/Src/gpio.o
 .debug_macro   0x00000000000001dc      0x3c1 ./Core/Src/main.o
 .debug_macro   0x000000000000059d       0xde ./Core/Src/main.o
 .debug_macro   0x000000000000067b      0x220 ./Core/Src/main.o
 .debug_macro   0x000000000000089b      0x20b ./Core/Src/nRF24L01.o
 .debug_macro   0x0000000000000aa6      0x1dc ./Core/Src/spi.o
 .debug_macro   0x0000000000000c82      0x1d2 ./Core/Src/stm32f0xx_hal_msp.o
 .debug_macro   0x0000000000000e54      0x1dc ./Core/Src/stm32f0xx_it.o
 .debug_macro   0x0000000000001030      0x1c3 ./Core/Src/system_stm32f0xx.o
 .debug_macro   0x00000000000011f3      0x1dc ./Core/Src/usart.o
 .debug_macro   0x00000000000013cf      0x1e7 ./Drivers/STM32F0xx_HAL_Driver/Src/stm32f0xx_hal.o
 .debug_macro   0x00000000000015b6      0x1c3 ./Drivers/STM32F0xx_HAL_Driver/Src/stm32f0xx_hal_cortex.o
 .debug_macro   0x0000000000001779      0x1ca ./Drivers/STM32F0xx_HAL_Driver/Src/stm32f0xx_hal_gpio.o
 .debug_macro   0x0000000000001943      0x1d5 ./Drivers/STM32F0xx_HAL_Driver/Src/stm32f0xx_hal_rcc.o
 .debug_macro   0x0000000000001b18      0x1d5 ./Drivers/STM32F0xx_HAL_Driver/Src/stm32f0xx_hal_rcc_ex.o
 .debug_macro   0x0000000000001ced      0x1cb ./Drivers/STM32F0xx_HAL_Driver/Src/stm32f0xx_hal_spi.o
 .debug_macro   0x0000000000001eb8      0x1e0 ./Drivers/STM32F0xx_HAL_Driver/Src/stm32f0xx_hal_uart.o
 .debug_macro   0x0000000000002098      0x225 ./FATFS/App/fatfs.o
 .debug_macro   0x00000000000022bd      0x2ec ./FATFS/Target/user_diskio.o
 .debug_macro   0x00000000000025a9       0x10 ./FATFS/Target/user_diskio.o
 .debug_macro   0x00000000000025b9       0x20 ./FATFS/Target/user_diskio.o
 .debug_macro   0x00000000000025d9       0x16 ./FATFS/Target/user_diskio.o
 .debug_macro   0x00000000000025ef       0x7c ./FATFS/Target/user_diskio.o
 .debug_macro   0x000000000000266b       0x4f ./FATFS/Target/user_diskio.o
 .debug_macro   0x00000000000026ba      0x2cc ./FATFS/Target/user_diskio_spi.o
 .debug_macro   0x0000000000002986      0x212 ./Middlewares/Third_Party/FatFs/src/ff_gen_drv.o

.debug_line     0x0000000000000000     0xec40
 .debug_line    0x0000000000000000      0x710 ./Core/Src/gpio.o
 .debug_line    0x0000000000000710      0xa36 ./Core/Src/main.o
 .debug_line    0x0000000000001146      0xcb7 ./Core/Src/nRF24L01.o
 .debug_line    0x0000000000001dfd      0x7d4 ./Core/Src/spi.o
 .debug_line    0x00000000000025d1      0x6df ./Core/Src/stm32f0xx_hal_msp.o
 .debug_line    0x0000000000002cb0      0x744 ./Core/Src/stm32f0xx_it.o
 .debug_line    0x00000000000033f4      0x767 ./Core/Src/system_stm32f0xx.o
 .debug_line    0x0000000000003b5b      0x74f ./Core/Src/usart.o
 .debug_line    0x00000000000042aa       0x9b ./Core/Startup/startup_stm32f042c6tx.o
 .debug_line    0x0000000000004345      0x95a ./Drivers/STM32F0xx_HAL_Driver/Src/stm32f0xx_hal.o
 .debug_line    0x0000000000004c9f      0xa06 ./Drivers/STM32F0xx_HAL_Driver/Src/stm32f0xx_hal_cortex.o
 .debug_line    0x00000000000056a5      0xac2 ./Drivers/STM32F0xx_HAL_Driver/Src/stm32f0xx_hal_gpio.o
 .debug_line    0x0000000000006167      0xde4 ./Drivers/STM32F0xx_HAL_Driver/Src/stm32f0xx_hal_rcc.o
 .debug_line    0x0000000000006f4b      0xb97 ./Drivers/STM32F0xx_HAL_Driver/Src/stm32f0xx_hal_rcc_ex.o
 .debug_line    0x0000000000007ae2     0x1e6c ./Drivers/STM32F0xx_HAL_Driver/Src/stm32f0xx_hal_spi.o
 .debug_line    0x000000000000994e     0x2c0e ./Drivers/STM32F0xx_HAL_Driver/Src/stm32f0xx_hal_uart.o
 .debug_line    0x000000000000c55c      0x77b ./FATFS/App/fatfs.o
 .debug_line    0x000000000000ccd7      0x913 ./FATFS/Target/user_diskio.o
 .debug_line    0x000000000000d5ea      0xe4e ./FATFS/Target/user_diskio_spi.o
 .debug_line    0x000000000000e438      0x808 ./Middlewares/Third_Party/FatFs/src/ff_gen_drv.o

.debug_str      0x0000000000000000    0x8d310
 .debug_str     0x0000000000000000    0x85660 ./Core/Src/gpio.o
                                      0x858e4 (size before relaxing)
 .debug_str     0x0000000000085660     0x5285 ./Core/Src/main.o
                                      0x8aac5 (size before relaxing)
 .debug_str     0x000000000008a8e5      0x484 ./Core/Src/nRF24L01.o
                                      0x8681e (size before relaxing)
 .debug_str     0x000000000008ad69       0x61 ./Core/Src/spi.o
                                      0x85d29 (size before relaxing)
 .debug_str     0x000000000008adca       0x2c ./Core/Src/stm32f0xx_hal_msp.o
                                      0x85819 (size before relaxing)
 .debug_str     0x000000000008adf6       0x82 ./Core/Src/stm32f0xx_it.o
                                      0x85801 (size before relaxing)
 .debug_str     0x000000000008ae78       0x8b ./Core/Src/system_stm32f0xx.o
                                      0x854d0 (size before relaxing)
 .debug_str     0x000000000008af03      0x21f ./Core/Src/usart.o
                                      0x85d6c (size before relaxing)
 .debug_str     0x000000000008b122       0x36 ./Core/Startup/startup_stm32f042c6tx.o
                                         0x85 (size before relaxing)
 .debug_str     0x000000000008b158      0x4c1 ./Drivers/STM32F0xx_HAL_Driver/Src/stm32f0xx_hal.o
                                      0x85a82 (size before relaxing)
 .debug_str     0x000000000008b619      0x1be ./Drivers/STM32F0xx_HAL_Driver/Src/stm32f0xx_hal_cortex.o
                                      0x85873 (size before relaxing)
 .debug_str     0x000000000008b7d7      0x113 ./Drivers/STM32F0xx_HAL_Driver/Src/stm32f0xx_hal_gpio.o
                                      0x85671 (size before relaxing)
 .debug_str     0x000000000008b8ea      0x21a ./Drivers/STM32F0xx_HAL_Driver/Src/stm32f0xx_hal_rcc.o
                                      0x85917 (size before relaxing)
 .debug_str     0x000000000008bb04      0x2c7 ./Drivers/STM32F0xx_HAL_Driver/Src/stm32f0xx_hal_rcc_ex.o
                                      0x858ba (size before relaxing)
 .debug_str     0x000000000008bdcb      0x582 ./Drivers/STM32F0xx_HAL_Driver/Src/stm32f0xx_hal_spi.o
                                      0x85e40 (size before relaxing)
 .debug_str     0x000000000008c34d      0x867 ./Drivers/STM32F0xx_HAL_Driver/Src/stm32f0xx_hal_uart.o
                                      0x86234 (size before relaxing)
 .debug_str     0x000000000008cbb4      0x1ae ./FATFS/App/fatfs.o
                                      0x860ea (size before relaxing)
 .debug_str     0x000000000008cd62      0x14d ./FATFS/Target/user_diskio.o
                                      0x88e89 (size before relaxing)
 .debug_str     0x000000000008ceaf      0x3a7 ./FATFS/Target/user_diskio_spi.o
                                      0x8684b (size before relaxing)
 .debug_str     0x000000000008d256       0xba ./Middlewares/Third_Party/FatFs/src/ff_gen_drv.o
                                      0x86067 (size before relaxing)

.comment        0x0000000000000000       0x50
 .comment       0x0000000000000000       0x50 ./Core/Src/gpio.o
                                         0x51 (size before relaxing)
 .comment       0x0000000000000050       0x51 ./Core/Src/main.o
 .comment       0x0000000000000050       0x51 ./Core/Src/nRF24L01.o
 .comment       0x0000000000000050       0x51 ./Core/Src/spi.o
 .comment       0x0000000000000050       0x51 ./Core/Src/stm32f0xx_hal_msp.o
 .comment       0x0000000000000050       0x51 ./Core/Src/stm32f0xx_it.o
 .comment       0x0000000000000050       0x51 ./Core/Src/system_stm32f0xx.o
 .comment       0x0000000000000050       0x51 ./Core/Src/usart.o
 .comment       0x0000000000000050       0x51 ./Drivers/STM32F0xx_HAL_Driver/Src/stm32f0xx_hal.o
 .comment       0x0000000000000050       0x51 ./Drivers/STM32F0xx_HAL_Driver/Src/stm32f0xx_hal_cortex.o
 .comment       0x0000000000000050       0x51 ./Drivers/STM32F0xx_HAL_Driver/Src/stm32f0xx_hal_gpio.o
 .comment       0x0000000000000050       0x51 ./Drivers/STM32F0xx_HAL_Driver/Src/stm32f0xx_hal_rcc.o
 .comment       0x0000000000000050       0x51 ./Drivers/STM32F0xx_HAL_Driver/Src/stm32f0xx_hal_rcc_ex.o
 .comment       0x0000000000000050       0x51 ./Drivers/STM32F0xx_HAL_Driver/Src/stm32f0xx_hal_spi.o
 .comment       0x0000000000000050       0x51 ./Drivers/STM32F0xx_HAL_Driver/Src/stm32f0xx_hal_uart.o
 .comment       0x0000000000000050       0x51 ./FATFS/App/fatfs.o
 .comment       0x0000000000000050       0x51 ./FATFS/Target/user_diskio.o
 .comment       0x0000000000000050       0x51 ./FATFS/Target/user_diskio_spi.o
 .comment       0x0000000000000050       0x51 ./Middlewares/Third_Party/FatFs/src/ff_gen_drv.o

.debug_frame    0x0000000000000000     0x24ac
 .debug_frame   0x0000000000000000       0x30 ./Core/Src/gpio.o
 .debug_frame   0x0000000000000030       0x68 ./Core/Src/main.o
 .debug_frame   0x0000000000000098      0x50c ./Core/Src/nRF24L01.o
 .debug_frame   0x00000000000005a4       0x88 ./Core/Src/spi.o
 .debug_frame   0x000000000000062c       0x30 ./Core/Src/stm32f0xx_hal_msp.o
 .debug_frame   0x000000000000065c       0x9c ./Core/Src/stm32f0xx_it.o
 .debug_frame   0x00000000000006f8       0x4c ./Core/Src/system_stm32f0xx.o
 .debug_frame   0x0000000000000744       0x6c ./Core/Src/usart.o
 .debug_frame   0x00000000000007b0      0x2a4 ./Drivers/STM32F0xx_HAL_Driver/Src/stm32f0xx_hal.o
 .debug_frame   0x0000000000000a54      0x2a0 ./Drivers/STM32F0xx_HAL_Driver/Src/stm32f0xx_hal_cortex.o
 .debug_frame   0x0000000000000cf4      0x110 ./Drivers/STM32F0xx_HAL_Driver/Src/stm32f0xx_hal_gpio.o
 .debug_frame   0x0000000000000e04      0x198 ./Drivers/STM32F0xx_HAL_Driver/Src/stm32f0xx_hal_rcc.o
 .debug_frame   0x0000000000000f9c      0x180 ./Drivers/STM32F0xx_HAL_Driver/Src/stm32f0xx_hal_rcc_ex.o
 .debug_frame   0x000000000000111c      0x710 ./Drivers/STM32F0xx_HAL_Driver/Src/stm32f0xx_hal_spi.o
 .debug_frame   0x000000000000182c      0x850 ./Drivers/STM32F0xx_HAL_Driver/Src/stm32f0xx_hal_uart.o
 .debug_frame   0x000000000000207c       0x48 ./FATFS/App/fatfs.o
 .debug_frame   0x00000000000020c4       0xb8 ./FATFS/Target/user_diskio.o
 .debug_frame   0x000000000000217c      0x218 ./FATFS/Target/user_diskio_spi.o
 .debug_frame   0x0000000000002394       0xac ./Middlewares/Third_Party/FatFs/src/ff_gen_drv.o
 .debug_frame   0x0000000000002440       0x2c c:/st/stm32cubeide_1.12.0/stm32cubeide/plugins/com.st.stm32cube.ide.mcu.externaltools.gnu-tools-for-stm32.10.3-2021.10.win32_1.0.200.202301161003/tools/bin/../lib/gcc/arm-none-eabi/10.3.1/../../../../arm-none-eabi/lib/thumb/v6-m/nofp\libc_nano.a(lib_a-init.o)
 .debug_frame   0x000000000000246c       0x20 c:/st/stm32cubeide_1.12.0/stm32cubeide/plugins/com.st.stm32cube.ide.mcu.externaltools.gnu-tools-for-stm32.10.3-2021.10.win32_1.0.200.202301161003/tools/bin/../lib/gcc/arm-none-eabi/10.3.1/../../../../arm-none-eabi/lib/thumb/v6-m/nofp\libc_nano.a(lib_a-memset.o)
 .debug_frame   0x000000000000248c       0x20 c:/st/stm32cubeide_1.12.0/stm32cubeide/plugins/com.st.stm32cube.ide.mcu.externaltools.gnu-tools-for-stm32.10.3-2021.10.win32_1.0.200.202301161003/tools/bin/../lib/gcc/arm-none-eabi/10.3.1/thumb/v6-m/nofp\libgcc.a(_udivsi3.o)
